warning: Write to register is never read
     --> tests/optimizations/tutorial-U.asm:12298:1
      |
12298 | stopopen 1, c3453 # 12296
      | ------------------------- register 3453 written to but will never be read from again
      |