warning: Write to register is never read
   --> tests/optimizations/vectorized3.asm:136:1
    |
136 | vstopopen 2, 1, c37 # 135
    | ------------------------- register 38 written to but will never be read from again
    |
warning: Write to register is never read
   --> tests/optimizations/vectorized3.asm:136:1
    |
136 | vstopopen 2, 1, c37 # 135
    | ------------------------- register 40 written to but will never be read from again
    |